This is Ipopt version 3.14.19, running with linear solver MUMPS 5.7.3.

Number of nonzeros in equality constraint Jacobian...:     7698
Number of nonzeros in inequality constraint Jacobian.:     1641
Number of nonzeros in Lagrangian Hessian.............:        0

Total number of variables............................:      218
                     variables with only lower bounds:        2
                variables with lower and upper bounds:      216
                     variables with only upper bounds:        0
Total number of equality constraints.................:      204
Total number of inequality constraints...............:       35
        inequality constraints with only lower bounds:        2
   inequality constraints with lower and upper bounds:       32
        inequality constraints with only upper bounds:        1

iter    objective    inf_pr   inf_du lg(mu)  ||d||  lg(rg) alpha_du alpha_pr  ls
   0  5.2601096e-01 1.19e+03 1.53e+00  -5.0 0.00e+00    -  0.00e+00 0.00e+00   0
  10  1.7641787e-02 2.84e-04 9.02e+00  -5.0 8.43e-02    -  1.00e+00 9.48e-01h  1
  20  1.7651688e-02 1.80e-06 2.78e+00  -5.0 1.33e-02    -  1.00e+00 1.00e+00h  1
  30  1.7651688e-02 1.37e-06 2.08e+00  -5.0 1.03e-02    -  1.00e+00 1.00e+00h  1
  40  1.7651688e-02 1.13e-06 1.70e+00  -5.0 9.24e-03    -  1.00e+00 1.00e+00h  1
  50  1.7651688e-02 1.31e-02 4.30e+01  -5.0 1.78e+00    -  1.00e+00 1.00e+00h  1

Number of Iterations....: 57

                                   (scaled)                 (unscaled)
Objective...............:   1.7621857012277822e-02    1.7621857012277822e-02
Dual infeasibility......:   5.1830651958412711e-08    5.1830651958412711e-08
Constraint violation....:   1.9239855959575752e-08    1.9239855959575752e-08
Variable bound violation:   0.0000000000000000e+00    0.0000000000000000e+00
Complementarity.........:   9.0918392191820656e-08    9.0918392191820656e-08
Overall NLP error.......:   9.0918392191820656e-08    9.0918392191820656e-08


Number of objective function evaluations             = 58
Number of objective gradient evaluations             = 58
Number of equality constraint evaluations            = 58
Number of inequality constraint evaluations          = 58
Number of equality constraint Jacobian evaluations   = 58
Number of inequality constraint Jacobian evaluations = 58
Number of Lagrangian Hessian evaluations             = 0
Total seconds in IPOPT                               = 39.305

EXIT: Optimal Solution Found.
