This is Ipopt version 3.14.19, running with linear solver MUMPS 5.7.3.

Number of nonzeros in equality constraint Jacobian...:     7692
Number of nonzeros in inequality constraint Jacobian.:     1641
Number of nonzeros in Lagrangian Hessian.............:        0

Total number of variables............................:      217
                     variables with only lower bounds:        2
                variables with lower and upper bounds:      215
                     variables with only upper bounds:        0
Total number of equality constraints.................:      205
Total number of inequality constraints...............:       35
        inequality constraints with only lower bounds:        2
   inequality constraints with lower and upper bounds:       32
        inequality constraints with only upper bounds:        1

iter    objective    inf_pr   inf_du lg(mu)  ||d||  lg(rg) alpha_du alpha_pr  ls
   0  5.2601096e-01 1.19e+03 1.55e+00  -5.0 0.00e+00    -  0.00e+00 0.00e+00   0
  10  1.7735631e-02 1.44e-04 1.84e+00  -5.0 5.59e-02    -  1.00e+00 1.00e+00h  1
  20  1.7651688e-02 1.94e-07 4.64e-06  -5.0 2.25e-03    -  1.00e+00 1.00e+00h  1

Number of Iterations....: 22

                                   (scaled)                 (unscaled)
Objective...............:   1.7621857012543103e-02    1.7621857012543103e-02
Dual infeasibility......:   6.2367518346123343e-08    5.1494284802051470e-08
Constraint violation....:   6.9650241130148058e-11    6.9650241130148058e-11
Variable bound violation:   1.9899637493381306e-12    1.9899637493381306e-12
Complementarity.........:   9.0918630460101246e-08    9.0918630460101246e-08
Overall NLP error.......:   9.0918630460101246e-08    9.0918630460101246e-08


Number of objective function evaluations             = 23
Number of objective gradient evaluations             = 23
Number of equality constraint evaluations            = 23
Number of inequality constraint evaluations          = 23
Number of equality constraint Jacobian evaluations   = 23
Number of inequality constraint Jacobian evaluations = 23
Number of Lagrangian Hessian evaluations             = 0
Total seconds in IPOPT                               = 26.194

EXIT: Optimal Solution Found.
