This is Ipopt version 3.14.19, running with linear solver MUMPS 5.7.3.

Number of nonzeros in equality constraint Jacobian...:     7844
Number of nonzeros in inequality constraint Jacobian.:     1659
Number of nonzeros in Lagrangian Hessian.............:        0

Total number of variables............................:      219
                     variables with only lower bounds:        2
                variables with lower and upper bounds:      217
                     variables with only upper bounds:        0
Total number of equality constraints.................:      204
Total number of inequality constraints...............:       35
        inequality constraints with only lower bounds:        2
   inequality constraints with lower and upper bounds:       32
        inequality constraints with only upper bounds:        1

iter    objective    inf_pr   inf_du lg(mu)  ||d||  lg(rg) alpha_du alpha_pr  ls
   0 -1.6000000e+00 1.19e+03 9.91e-01  -5.0 0.00e+00    -  0.00e+00 0.00e+00   0
  10  2.9281331e-01 1.68e-02 2.07e+01  -5.0 5.25e+00    -  8.93e-01 4.99e-01h  1
  20  2.9227394e-01 2.22e-05 3.09e+01  -5.0 9.56e-02    -  1.00e+00 1.00e+00h  1
  30  2.9217246e-01 5.43e-03 4.40e-01  -7.0 5.47e-01    -  3.31e-01 1.00e+00f  1
  40  2.9215340e-01 1.11e-01 1.05e-01  -7.0 1.59e+00    -  3.63e-01 3.06e-01h  1
  50  2.9216595e-01 2.56e-04 1.15e-02  -7.0 1.17e-01    -  1.00e+00 1.00e+00h  1
  60  2.7949348e-01 1.29e-01 2.45e+01  -7.0 1.21e+04    -  5.80e-02 9.21e-03f  1
  70  2.7774668e-01 1.19e-01 2.16e+01  -7.0 7.20e+04    -  2.60e-03 2.85e-03f  1
  80  2.7620934e-01 1.47e-01 2.06e-01  -7.0 7.47e+01    -  6.68e-07 1.11e-02h  1
  90  2.7786052e-01 9.19e-04 3.13e-01  -7.0 2.27e-01    -  5.73e-01 1.77e-01h  1
iter    objective    inf_pr   inf_du lg(mu)  ||d||  lg(rg) alpha_du alpha_pr  ls
 100  2.7779297e-01 1.14e-03 8.62e-01  -7.0 2.08e+01    -  3.43e-01 1.00e+00h  1
 110  2.7687899e-01 5.53e-02 2.30e+00  -7.0 1.06e+03    -  1.00e+00 3.16e-01f  1
 120  2.7733267e-01 5.78e-02 4.30e-01  -7.0 4.41e+02    -  1.23e-01 6.15e-02h  1
 130  2.7722388e-01 2.48e-02 1.32e+00  -7.0 1.28e+02    -  1.12e-01 1.53e-02h  5

Number of Iterations....: 137

                                   (scaled)                 (unscaled)
Objective...............:   2.7733749056156959e-01    2.7733749056156959e-01
Dual infeasibility......:   7.0857911321575204e-08    7.0857911321575204e-08
Constraint violation....:   5.3201773431155175e-08    5.3201773431155175e-08
Variable bound violation:   0.0000000000000000e+00    0.0000000000000000e+00
Complementarity.........:   9.1057838182945156e-08    9.1057838182945156e-08
Overall NLP error.......:   9.1057838182945156e-08    9.1057838182945156e-08


Number of objective function evaluations             = 178
Number of objective gradient evaluations             = 138
Number of equality constraint evaluations            = 178
Number of inequality constraint evaluations          = 178
Number of equality constraint Jacobian evaluations   = 138
Number of inequality constraint Jacobian evaluations = 138
Number of Lagrangian Hessian evaluations             = 0
Total seconds in IPOPT                               = 198.974

EXIT: Optimal Solution Found.
