This is Ipopt version 3.14.19, running with linear solver MUMPS 5.7.3.

Number of nonzeros in equality constraint Jacobian...:     7844
Number of nonzeros in inequality constraint Jacobian.:     1659
Number of nonzeros in Lagrangian Hessian.............:        0

Total number of variables............................:      219
                     variables with only lower bounds:        2
                variables with lower and upper bounds:      217
                     variables with only upper bounds:        0
Total number of equality constraints.................:      204
Total number of inequality constraints...............:       35
        inequality constraints with only lower bounds:        2
   inequality constraints with lower and upper bounds:       32
        inequality constraints with only upper bounds:        1

iter    objective    inf_pr   inf_du lg(mu)  ||d||  lg(rg) alpha_du alpha_pr  ls
   0 -1.6000000e+00 1.19e+03 9.82e-01  -5.0 0.00e+00    -  0.00e+00 0.00e+00   0
  10r-1.5595156e-01 2.25e+02 1.00e+03   1.0 0.00e+00    -  0.00e+00 3.03e-07R  6
  20 -1.9466077e-01 1.92e+02 1.24e+03  -5.0 1.37e+01    -  5.67e-02 2.11e-02h  1
  30r-1.7169751e-01 1.84e+02 9.99e+02   0.3 0.00e+00    -  0.00e+00 3.32e-07R  5
  40 -4.3272282e-02 1.57e+02 2.70e+02  -5.0 1.59e+03    -  3.97e-03 3.00e-04h  1
  50  3.7668743e-02 1.06e+02 2.35e+07  -5.0 5.40e+03    -  3.15e-01 1.90e-01h  1
  60r 3.9557364e-01 6.83e-01 9.16e+02  -1.2 2.10e+01    -  6.44e-02 6.01e-03f  1
  70r 4.1292074e-01 1.07e-01 6.97e+01  -1.2 8.94e-01    -  9.89e-01 2.25e-01f  1
  80  4.0846512e-01 4.02e-02 8.46e+06  -5.0 5.56e+03    -  1.90e-02 5.73e-02h  1
  90r 3.9251742e-01 8.71e-03 5.93e+00  -2.1 1.12e-01    -  1.00e+00 9.18e-01f  1
iter    objective    inf_pr   inf_du lg(mu)  ||d||  lg(rg) alpha_du alpha_pr  ls
 100r 3.7790256e-01 5.87e-03 3.52e+00  -2.1 5.33e+02    -  2.28e-01 5.18e-01f  1
 110r 3.5976640e-01 7.37e-03 2.17e+01  -2.1 1.33e+05    -  1.50e-02 1.17e-03f  1
 120  3.5233208e-01 4.65e-05 6.75e+01  -5.0 6.99e-01    -  4.66e-01 9.33e-02f  1
 130  3.4421089e-01 5.39e-03 6.11e+02  -5.0 1.53e+01    -  1.00e+00 1.00e+00h  1
 140  3.4293208e-01 1.17e-02 7.91e+01  -5.0 6.86e-01  -4.0 1.00e+00 1.00e+00h  1
 150  3.4237648e-01 1.49e-02 1.00e+03  -5.0 1.48e+01    -  4.64e-01 1.00e+00h  1
 160  3.4104183e-01 2.46e-02 1.32e+03  -5.0 3.40e+01    -  1.00e+00 1.00e+00h  1
 170  3.4068774e-01 4.66e-03 8.22e-03  -7.0 3.65e+00    -  8.41e-01 5.75e-02h  1
 180  3.4050844e-01 1.77e-04 6.28e-01  -7.0 2.94e-01    -  1.00e+00 1.00e+00h  1
 190  2.8668134e-01 1.01e-01 5.06e+00  -7.0 6.07e+03    -  2.31e-02 1.50e-02h  1
iter    objective    inf_pr   inf_du lg(mu)  ||d||  lg(rg) alpha_du alpha_pr  ls
 200  2.7046495e-01 7.17e-02 5.15e+00  -7.0 1.87e+02    -  4.30e-02 1.99e-01h  1
 210  2.7356191e-01 1.34e-03 3.96e-02  -7.0 2.42e-02    -  7.80e-01 5.74e-01h  1
 220  2.7357425e-01 7.21e-05 4.49e-01  -7.0 1.67e+01    -  4.05e-01 2.02e-01f  1
 230  2.7349693e-01 3.54e-05 2.75e-02  -7.0 2.43e+01    -  1.00e+00 1.00e+00h  1
 240  2.7350343e-01 6.74e-07 4.61e-05  -7.0 3.06e+01    -  1.00e+00 1.00e+00H  1
 250  2.7349019e-01 1.36e-02 1.02e-01  -7.0 1.75e+01    -  2.46e-01 2.35e-01f  1

Number of Iterations....: 255

                                   (scaled)                 (unscaled)
Objective...............:   2.7349824701116743e-01    2.7349824701116743e-01
Dual infeasibility......:   9.6481008450449961e-07    9.6481008450449961e-07
Constraint violation....:   4.8417668985223372e-08    4.8417668985223372e-08
Variable bound violation:   0.0000000000000000e+00    0.0000000000000000e+00
Complementarity.........:   9.0909098002179623e-08    9.0909098002179623e-08
Overall NLP error.......:   9.6481008450449961e-07    9.6481008450449961e-07


Number of objective function evaluations             = 400
Number of objective gradient evaluations             = 204
Number of equality constraint evaluations            = 400
Number of inequality constraint evaluations          = 400
Number of equality constraint Jacobian evaluations   = 265
Number of inequality constraint Jacobian evaluations = 265
Number of Lagrangian Hessian evaluations             = 0
Total seconds in IPOPT                               = 475.931

EXIT: Optimal Solution Found.
