This is Ipopt version 3.14.19, running with linear solver MUMPS 5.7.3.

Number of nonzeros in equality constraint Jacobian...:     7669
Number of nonzeros in inequality constraint Jacobian.:     1620
Number of nonzeros in Lagrangian Hessian.............:        0

Total number of variables............................:      215
                     variables with only lower bounds:        2
                variables with lower and upper bounds:      213
                     variables with only upper bounds:        0
Total number of equality constraints.................:      204
Total number of inequality constraints...............:       34
        inequality constraints with only lower bounds:        2
   inequality constraints with lower and upper bounds:       32
        inequality constraints with only upper bounds:        0

iter    objective    inf_pr   inf_du lg(mu)  ||d||  lg(rg) alpha_du alpha_pr  ls
   0 -1.6000000e+00 1.19e+03 9.87e-01  -5.0 0.00e+00    -  0.00e+00 0.00e+00   0
  10  2.9302707e-01 9.30e-02 7.11e+00  -5.0 8.65e+00    -  5.87e-01 6.02e-01h  1
  20  2.9338039e-01 1.85e-02 1.05e-01  -5.0 1.15e+00    -  1.00e+00 1.00e+00h  1
  30  2.9327918e-01 5.01e-03 5.27e-02  -7.0 7.06e-01    -  7.73e-02 1.00e+00h  1
  40  2.9262089e-01 9.13e-02 1.71e+00  -7.0 2.03e+04    -  2.65e-03 7.92e-03h  1
  50  2.7937098e-01 3.74e-01 2.21e+01  -7.0 2.55e+00  -5.4 4.95e-01 1.00e+00h  1
  60  2.7842690e-01 7.54e-03 1.61e-01  -7.0 4.06e+02    -  2.40e-01 1.70e-01h  1
  70  2.7817363e-01 1.79e-01 4.38e+00  -7.0 9.54e+03    -  9.79e-03 7.58e-02h  1
  80  2.7800161e-01 2.13e-01 2.76e+00  -7.0 7.21e+03    -  2.02e-03 8.17e-03h  1
  90  2.7707234e-01 3.40e-02 1.83e+00  -7.0 4.61e+03    -  6.17e-04 1.75e-02f  1
iter    objective    inf_pr   inf_du lg(mu)  ||d||  lg(rg) alpha_du alpha_pr  ls
 100  2.7825672e-01 9.90e-04 1.52e-01  -7.0 4.79e+00    -  4.01e-01 1.62e-01h  2
 110  2.7825626e-01 2.45e-04 1.48e-03  -7.0 1.09e+01    -  1.00e+00 1.00e+00H  1
 120  2.7825314e-01 1.05e-03 2.53e-02  -7.0 3.11e+00    -  1.00e+00 4.67e-01h  2
 130  2.7825629e-01 7.93e-08 1.30e-07  -7.0 7.27e-02    -  1.00e+00 1.00e+00h  1

Number of Iterations....: 130

                                   (scaled)                 (unscaled)
Objective...............:   2.7825629050798889e-01    2.7825629050798889e-01
Dual infeasibility......:   1.3037057321980143e-07    1.3037057321980143e-07
Constraint violation....:   7.9304127154067316e-08    7.9304127154067316e-08
Variable bound violation:   0.0000000000000000e+00    0.0000000000000000e+00
Complementarity.........:   9.0909315779924434e-08    9.0909315779924434e-08
Overall NLP error.......:   1.3037057321980143e-07    1.3037057321980143e-07


Number of objective function evaluations             = 194
Number of objective gradient evaluations             = 131
Number of equality constraint evaluations            = 194
Number of inequality constraint evaluations          = 194
Number of equality constraint Jacobian evaluations   = 131
Number of inequality constraint Jacobian evaluations = 131
Number of Lagrangian Hessian evaluations             = 0
Total seconds in IPOPT                               = 169.047

EXIT: Optimal Solution Found.
