This is Ipopt version 3.14.19, running with linear solver MUMPS 5.7.3.

Number of nonzeros in equality constraint Jacobian...:     7500
Number of nonzeros in inequality constraint Jacobian.:     1602
Number of nonzeros in Lagrangian Hessian.............:        0

Total number of variables............................:      212
                     variables with only lower bounds:        2
                variables with lower and upper bounds:      210
                     variables with only upper bounds:        0
Total number of equality constraints.................:      205
Total number of inequality constraints...............:       34
        inequality constraints with only lower bounds:        2
   inequality constraints with lower and upper bounds:       32
        inequality constraints with only upper bounds:        0

iter    objective    inf_pr   inf_du lg(mu)  ||d||  lg(rg) alpha_du alpha_pr  ls
   0 -9.2664445e-01 1.19e+03 1.83e+01  -5.0 0.00e+00    -  0.00e+00 0.00e+00   0
  10  9.6023901e-01 6.77e-02 1.15e-01  -5.0 7.94e+00    -  1.42e-01 1.59e-01h  1
  20  9.3539532e-01 7.87e-07 1.77e-05  -5.0 4.96e-02    -  1.00e+00 1.00e+00h  1

Number of Iterations....: 26

                                   (scaled)                 (unscaled)
Objective...............:   9.3530471316131436e-01    9.3530471316131436e-01
Dual infeasibility......:   3.9533560210987206e-11    3.9533560210987206e-11
Constraint violation....:   7.7709935204172128e-11    7.7709935204172128e-11
Variable bound violation:   0.0000000000000000e+00    0.0000000000000000e+00
Complementarity.........:   9.0909090981218271e-08    9.0909090981218271e-08
Overall NLP error.......:   9.0909090981218271e-08    9.0909090981218271e-08


Number of objective function evaluations             = 27
Number of objective gradient evaluations             = 27
Number of equality constraint evaluations            = 27
Number of inequality constraint evaluations          = 27
Number of equality constraint Jacobian evaluations   = 27
Number of inequality constraint Jacobian evaluations = 27
Number of Lagrangian Hessian evaluations             = 0
Total seconds in IPOPT                               = 32.361

EXIT: Optimal Solution Found.
