This is Ipopt version 3.14.19, running with linear solver MUMPS 5.7.3.

Number of nonzeros in equality constraint Jacobian...:     7523
Number of nonzeros in inequality constraint Jacobian.:     1602
Number of nonzeros in Lagrangian Hessian.............:        0

Total number of variables............................:      214
                     variables with only lower bounds:        2
                variables with lower and upper bounds:      212
                     variables with only upper bounds:        0
Total number of equality constraints.................:      204
Total number of inequality constraints...............:       34
        inequality constraints with only lower bounds:        2
   inequality constraints with lower and upper bounds:       32
        inequality constraints with only upper bounds:        0

iter    objective    inf_pr   inf_du lg(mu)  ||d||  lg(rg) alpha_du alpha_pr  ls
   0 -1.6000000e+00 1.19e+03 9.87e-01  -5.0 0.00e+00    -  0.00e+00 0.00e+00   0
  10  2.9477665e-01 4.62e-02 1.71e+00  -5.0 2.73e+00    -  6.23e-01 7.13e-02f  1
  20  2.9669337e-01 1.15e-05 1.65e+00  -5.0 3.84e-02    -  1.00e+00 1.00e+00h  1
  30  2.9661919e-01 7.96e-03 2.34e+01  -7.0 5.93e+00    -  1.87e-06 1.92e-02f  1
  40  2.9657632e-01 8.25e-06 3.54e-03  -7.0 1.54e-02    -  1.00e+00 1.00e+00h  1

Number of Iterations....: 44

                                   (scaled)                 (unscaled)
Objective...............:   2.9657632195071493e-01    2.9657632195071493e-01
Dual infeasibility......:   5.5042679933960616e-09    5.5042679933960616e-09
Constraint violation....:   1.7405149314460016e-08    1.7405149314460016e-08
Variable bound violation:   0.0000000000000000e+00    0.0000000000000000e+00
Complementarity.........:   9.0909090909542992e-08    9.0909090909542992e-08
Overall NLP error.......:   9.0909090909542992e-08    9.0909090909542992e-08


Number of objective function evaluations             = 52
Number of objective gradient evaluations             = 45
Number of equality constraint evaluations            = 52
Number of inequality constraint evaluations          = 52
Number of equality constraint Jacobian evaluations   = 45
Number of inequality constraint Jacobian evaluations = 45
Number of Lagrangian Hessian evaluations             = 0
Total seconds in IPOPT                               = 50.776

EXIT: Optimal Solution Found.
