This is Ipopt version 3.14.19, running with linear solver MUMPS 5.7.3.

Number of nonzeros in equality constraint Jacobian...:     7646
Number of nonzeros in inequality constraint Jacobian.:     1620
Number of nonzeros in Lagrangian Hessian.............:        0

Total number of variables............................:      213
                     variables with only lower bounds:        2
                variables with lower and upper bounds:      211
                     variables with only upper bounds:        0
Total number of equality constraints.................:      205
Total number of inequality constraints...............:       34
        inequality constraints with only lower bounds:        2
   inequality constraints with lower and upper bounds:       32
        inequality constraints with only upper bounds:        0

iter    objective    inf_pr   inf_du lg(mu)  ||d||  lg(rg) alpha_du alpha_pr  ls
   0 -1.6000000e+00 1.19e+03 1.65e+01  -5.0 0.00e+00    -  0.00e+00 0.00e+00   0
  10  2.9820274e-01 3.33e-05 5.31e-02  -5.0 6.01e-02    -  9.88e-01 9.15e-01h  1
  20  2.9814781e-01 6.26e-03 1.48e-02  -5.0 3.66e+00    -  1.00e+00 1.00e+00h  1
  30  2.9462083e-01 3.67e-03 3.45e-03  -5.0 5.27e-01    -  1.00e+00 5.95e-01h  1
  40  2.9215772e-01 3.73e-02 4.27e+00  -5.0 8.96e+02    -  3.47e-01 7.21e-01h  1
  50  2.7901400e-01 8.57e-02 3.82e-02  -5.0 2.91e+00    -  6.28e-01 3.31e-01h  1
  60  2.7878287e-01 9.26e-05 2.11e-03  -7.0 2.26e-01    -  1.00e+00 9.45e-01h  1

Number of Iterations....: 68

                                   (scaled)                 (unscaled)
Objective...............:   2.7876742765285600e-01    2.7876742765285600e-01
Dual infeasibility......:   5.2741886131548095e-10    5.2741886131548095e-10
Constraint violation....:   8.4150464374488365e-12    8.4150464374488365e-12
Variable bound violation:   0.0000000000000000e+00    0.0000000000000000e+00
Complementarity.........:   9.0909090909090915e-08    9.0909090909090915e-08
Overall NLP error.......:   9.0909090909090915e-08    9.0909090909090915e-08


Number of objective function evaluations             = 96
Number of objective gradient evaluations             = 69
Number of equality constraint evaluations            = 96
Number of inequality constraint evaluations          = 96
Number of equality constraint Jacobian evaluations   = 69
Number of inequality constraint Jacobian evaluations = 69
Number of Lagrangian Hessian evaluations             = 0
Total seconds in IPOPT                               = 82.104

EXIT: Optimal Solution Found.
