This is Ipopt version 3.14.19, running with linear solver MUMPS 5.7.3.

Number of nonzeros in equality constraint Jacobian...:     7646
Number of nonzeros in inequality constraint Jacobian.:     1620
Number of nonzeros in Lagrangian Hessian.............:        0

Total number of variables............................:      213
                     variables with only lower bounds:        2
                variables with lower and upper bounds:      211
                     variables with only upper bounds:        0
Total number of equality constraints.................:      205
Total number of inequality constraints...............:       34
        inequality constraints with only lower bounds:        2
   inequality constraints with lower and upper bounds:       32
        inequality constraints with only upper bounds:        0

iter    objective    inf_pr   inf_du lg(mu)  ||d||  lg(rg) alpha_du alpha_pr  ls
   0  1.4000000e+00 1.48e+03 1.65e+01  -5.0 0.00e+00    -  0.00e+00 0.00e+00   0
  10  2.4653565e+00 8.93e-03 1.09e-01  -5.0 2.24e+00    -  7.08e-01 1.00e+00H  1
  20  2.4270958e+00 5.08e-01 1.35e+01  -5.0 8.00e+04    -  2.73e-03 2.83e-06h 11
  30  2.3649172e+00 2.18e+00 2.11e+01  -5.0 9.24e+02    -  1.10e-01 4.99e-03h  5
  40  2.3718011e+00 3.26e+00 5.86e-01  -7.0 4.92e+00    -  4.53e-01 4.50e-01h  1
  50  2.3720739e+00 3.03e-04 1.48e-02  -7.0 1.37e+00    -  4.76e-01 5.11e-02h  2
  60  2.3720366e+00 1.49e-04 6.94e-03  -7.0 3.34e-02    -  1.00e+00 1.00e+00h  1
  70  2.3719568e+00 1.33e-04 1.67e-03  -7.0 4.24e-01    -  1.00e+00 1.00e+00h  1

Number of Iterations....: 75

                                   (scaled)                 (unscaled)
Objective...............:   2.3719528269870471e+00    2.3719528269870471e+00
Dual infeasibility......:   2.4547026281592702e-01    2.4547026281592702e-01
Constraint violation....:   2.9067068640920013e-08    2.9067068640920013e-08
Variable bound violation:   0.0000000000000000e+00    0.0000000000000000e+00
Complementarity.........:   9.0909259270319762e-08    9.0909259270319762e-08
Overall NLP error.......:   9.0909259270319762e-08    2.4547026281592702e-01


Number of objective function evaluations             = 138
Number of objective gradient evaluations             = 76
Number of equality constraint evaluations            = 138
Number of inequality constraint evaluations          = 138
Number of equality constraint Jacobian evaluations   = 76
Number of inequality constraint Jacobian evaluations = 76
Number of Lagrangian Hessian evaluations             = 0
Total seconds in IPOPT                               = 110.581

EXIT: Optimal Solution Found.
