This is Ipopt version 3.14.19, running with linear solver MUMPS 5.7.3.

Number of nonzeros in equality constraint Jacobian...:     7844
Number of nonzeros in inequality constraint Jacobian.:     1659
Number of nonzeros in Lagrangian Hessian.............:        0

Total number of variables............................:      219
                     variables with only lower bounds:        2
                variables with lower and upper bounds:      217
                     variables with only upper bounds:        0
Total number of equality constraints.................:      204
Total number of inequality constraints...............:       35
        inequality constraints with only lower bounds:        2
   inequality constraints with lower and upper bounds:       32
        inequality constraints with only upper bounds:        1

iter    objective    inf_pr   inf_du lg(mu)  ||d||  lg(rg) alpha_du alpha_pr  ls
   0 -1.6000000e+00 1.19e+03 9.77e-01  -5.0 0.00e+00    -  0.00e+00 0.00e+00   0
  10  3.3212311e-01 2.01e-01 1.31e+03  -5.0 8.64e+00    -  4.25e-01 8.59e-01h  1
  20  2.7005265e-01 1.03e-02 1.37e+01  -5.0 6.84e-01    -  1.00e+00 1.00e+00h  1
  30  2.6984080e-01 7.80e-06 2.03e+01  -5.0 6.22e-02    -  1.00e+00 1.00e+00h  1
  40  2.6968926e-01 2.60e-02 5.60e-01  -7.0 7.71e-01    -  6.46e-01 4.23e-01h  1

Number of Iterations....: 46

                                   (scaled)                 (unscaled)
Objective...............:   2.6969288289206600e-01    2.6969288289206600e-01
Dual infeasibility......:   3.5997446667342631e-07    3.5997446667342631e-07
Constraint violation....:   6.5021793267400984e-08    6.5021793267400984e-08
Variable bound violation:   0.0000000000000000e+00    0.0000000000000000e+00
Complementarity.........:   9.0909090951358878e-08    9.0909090951358878e-08
Overall NLP error.......:   3.5997446667342631e-07    3.5997446667342631e-07


Number of objective function evaluations             = 48
Number of objective gradient evaluations             = 47
Number of equality constraint evaluations            = 48
Number of inequality constraint evaluations          = 48
Number of equality constraint Jacobian evaluations   = 47
Number of inequality constraint Jacobian evaluations = 47
Number of Lagrangian Hessian evaluations             = 0
Total seconds in IPOPT                               = 34.151

EXIT: Optimal Solution Found.
