This is Ipopt version 3.14.19, running with linear solver MUMPS 5.7.3.

Number of nonzeros in equality constraint Jacobian...:     7506
Number of nonzeros in inequality constraint Jacobian.:     1602
Number of nonzeros in Lagrangian Hessian.............:        0

Total number of variables............................:      213
                     variables with only lower bounds:        2
                variables with lower and upper bounds:      211
                     variables with only upper bounds:        0
Total number of equality constraints.................:      204
Total number of inequality constraints...............:       34
        inequality constraints with only lower bounds:        2
   inequality constraints with lower and upper bounds:       32
        inequality constraints with only upper bounds:        0

iter    objective    inf_pr   inf_du lg(mu)  ||d||  lg(rg) alpha_du alpha_pr  ls
   0 -9.2664445e-01 1.19e+03 9.71e-01  -5.0 0.00e+00    -  0.00e+00 0.00e+00   0
  10  9.5304546e-01 1.25e-01 3.13e+01  -5.0 5.42e+00    -  3.23e-01 1.26e-01h  1
  20  9.3247747e-01 6.73e-05 2.20e-01  -5.0 6.71e-02    -  9.93e-01 1.00e+00f  1

Number of Iterations....: 28

                                   (scaled)                 (unscaled)
Objective...............:   9.3233887165282281e-01    9.3233887165282281e-01
Dual infeasibility......:   5.2200168858111164e-09    5.2200168858111164e-09
Constraint violation....:   7.1888717201318286e-11    7.1888717201318286e-11
Variable bound violation:   0.0000000000000000e+00    0.0000000000000000e+00
Complementarity.........:   9.0911599957500299e-08    9.0911599957500299e-08
Overall NLP error.......:   9.0911599957500299e-08    9.0911599957500299e-08


Number of objective function evaluations             = 29
Number of objective gradient evaluations             = 29
Number of equality constraint evaluations            = 29
Number of inequality constraint evaluations          = 29
Number of equality constraint Jacobian evaluations   = 29
Number of inequality constraint Jacobian evaluations = 29
Number of Lagrangian Hessian evaluations             = 0
Total seconds in IPOPT                               = 27.851

EXIT: Optimal Solution Found.
